Id,Related_Dataset_Mnemonic,Dataset_Mnemonic
1,2,3
a
a,b,c
A,B,C
