Id,Related_Dataset_Mnemonic,Dataset_Mnemonic,Another
1,2,3,4
a,b,c,d
A,B,C,D
