[
    {
        "lang": "en",
        "meta": {
            "description": "Census 2021 metadata",
            "version": {
                "data": "30",
                "schema": "1.3",
                "script": "1.3.2",
                "created": "1970-01-01T00:00:00"
            }
        }
    },
    {
        "lang": "cy",
        "meta": {
            "description": "Census 2021 metadata in Welsh",
            "version": {
                "data": "30",
                "schema": "1.3",
                "script": "1.3.2",
                "created": "1970-01-01T00:00:00"
            }
        }
    }
]