[
    {
        "lang": "en",
        "meta": {
            "description": "Census 2021 metadata",
            "build": {
                "created": "1970-01-01T00:00:00",
                "dataset_filter": "TS,\"BLAH\"",
                "best_effort": "False",
                "geography_file": null,
                "versions": {
                    "data": "30",
                    "schema": "1.4",
                    "script": "1.4.0"
                }
            }
        }
    },
    {
        "lang": "cy",
        "meta": {
            "description": "Census 2021 metadata in Welsh",
            "build": {
                "created": "1970-01-01T00:00:00",
                "dataset_filter": "TS,\"BLAH\"",
                "best_effort": "False",
                "geography_file": null,
                "versions": {
                    "data": "30",
                    "schema": "1.4",
                    "script": "1.4.0"
                }
            }
        }
    }
]