[
    {
        "name": "TS1",
        "datasetName": "DB1",
        "vars": [
            "CLASS1"
        ],
        "ref": [
            {
                "lang": "en",
                "label": "TS1 Title",
                "description": "TS1 Description",
                "meta": {
                    "Dataset_Mnemonic_2011": null,
                    "Last_Updated": null,
                    "Version": "1",
                    "Geographic_Coverage": "Everywhere",
                    "Dataset_Population": "Everyone",
                    "Statistical_Unit": {
                        "Statistical_Unit": "Houses",
                        "Statistical_Unit_Label": null,
                        "Statistical_Unit_Description": "House Description"
                    },
                    "Contact": null,
                    "Observation_Type": {
                        "Observation_Type_Code": "AMT",
                        "Observation_Type_Label": "Amount",
                        "Observation_Type_Description": null,
                        "Decimal_Places": null,
                        "Prefix": null,
                        "Suffix": null,
                        "FillTrailingSpaces": null,
                        "NegativeSign": null
                    },
                    "Related_Datasets": [],
                    "Census_Releases": [],
                    "Publications": [],
                    "Keywords": [],
                    "Alternate_Geographic_Variables": []
                }
            },
            {
                "lang": "cy",
                "label": "TS1 Title",
                "description": "TS1 Description",
                "meta": {
                    "Dataset_Mnemonic_2011": null,
                    "Last_Updated": null,
                    "Version": "1",
                    "Geographic_Coverage": "Everywhere",
                    "Dataset_Population": "Everyone",
                    "Statistical_Unit": {
                        "Statistical_Unit": "Houses",
                        "Statistical_Unit_Label": null,
                        "Statistical_Unit_Description": "House Description"
                    },
                    "Contact": null,
                    "Observation_Type": {
                        "Observation_Type_Code": "AMT",
                        "Observation_Type_Label": "Amount",
                        "Observation_Type_Description": null,
                        "Decimal_Places": null,
                        "Prefix": null,
                        "Suffix": null,
                        "FillTrailingSpaces": null,
                        "NegativeSign": null
                    },
                    "Related_Datasets": [],
                    "Census_Releases": [],
                    "Publications": [],
                    "Keywords": [],
                    "Alternate_Geographic_Variables": []
                }
            }
        ]
    }
]