[
    {
        "name": "DS1",
        "datasetName": "DB1",
        "vars": [
            "GEO1",
            "CLASS1 (Codebook)"
        ],
        "ref": [
            {
                "lang": "en",
                "label": "DS1 Title",
                "description": "DS1 Description",
                "meta": {
                    "Dataset_Mnemonic_2011": null,
                    "Last_Updated": null,
                    "Version": "1",
                    "Geographic_Coverage": "Everywhere",
                    "Dataset_Population": "Everyone",
                    "Statistical_Unit": {
                        "Statistical_Unit": "Houses",
                        "Statistical_Unit_Description": "House Description"
                    },
                    "Contact": null,
                    "Observation_Type": null,
                    "Related_Datasets": [],
                    "Census_Releases": [],
                    "Publications": [],
                    "Alternate_Geographic_Variables": [
                        "GEO3"
                    ]
                }
            },
            {
                "lang": "cy",
                "label": "DS1 Title",
                "description": "DS1 Description",
                "meta": {
                    "Dataset_Mnemonic_2011": null,
                    "Last_Updated": null,
                    "Version": "1",
                    "Geographic_Coverage": "Everywhere",
                    "Dataset_Population": "Everyone",
                    "Statistical_Unit": {
                        "Statistical_Unit": "Houses",
                        "Statistical_Unit_Description": "House Description"
                    },
                    "Contact": null,
                    "Observation_Type": null,
                    "Related_Datasets": [],
                    "Census_Releases": [],
                    "Publications": [],
                    "Alternate_Geographic_Variables": [
                        "GEO3"
                    ]
                }
            }
        ]
    },
    {
        "name": "DS2",
        "datasetName": "DB1",
        "vars": [
            "CLASS3"
        ],
        "ref": [
            {
                "lang": "en",
                "label": "DS2 Title",
                "description": "DS2 Description",
                "meta": {
                    "Dataset_Mnemonic_2011": null,
                    "Last_Updated": null,
                    "Version": "1",
                    "Geographic_Coverage": "Everywhere",
                    "Dataset_Population": "Everyone",
                    "Statistical_Unit": {
                        "Statistical_Unit": "Houses",
                        "Statistical_Unit_Description": "House Description"
                    },
                    "Contact": null,
                    "Observation_Type": null,
                    "Related_Datasets": [],
                    "Census_Releases": [],
                    "Publications": [],
                    "Alternate_Geographic_Variables": []
                }
            },
            {
                "lang": "cy",
                "label": "DS2 Title",
                "description": "DS2 Description",
                "meta": {
                    "Dataset_Mnemonic_2011": null,
                    "Last_Updated": null,
                    "Version": "1",
                    "Geographic_Coverage": "Everywhere",
                    "Dataset_Population": "Everyone",
                    "Statistical_Unit": {
                        "Statistical_Unit": "Houses",
                        "Statistical_Unit_Description": "House Description"
                    },
                    "Contact": null,
                    "Observation_Type": null,
                    "Related_Datasets": [],
                    "Census_Releases": [],
                    "Publications": [],
                    "Alternate_Geographic_Variables": []
                }
            }
        ]
    }
]